// Jest Snapshot v1, https://goo.gl/fbAQLP

exports[`Probando GifItem Probando que las props sean obligatorias 1`] = `
<div>
  <div
    class="card"
  >
    <img
      alt="Goku"
      src="https://holua.com/"
    />
    <p>
      Goku
    </p>
  </div>
</div>
`;
